replay_status=CAPTURED
product_sha=2710abb4e10d1ac473f007e94f00001d267a77ea
evidence_sha=f5b0fd601dcbe7bb5ae28b7e79f1c8a6d7ccb25f
cwd=$CHECKOUT
utc_start=2026-09-17T03:13:00Z
command=python3 -m unittest discover -s tests -v
test_add_ledger_symlink_replacement_fails_closed_without_external_append (test_cli_contract.CliContractTests.test_add_ledger_symlink_replacement_fails_closed_without_external_append) ... ok
test_add_moves_file_directory_and_symlink_and_writes_minimum_records (test_cli_contract.CliContractTests.test_add_moves_file_directory_and_symlink_and_writes_minimum_records) ... ok
test_add_rejects_source_replaced_by_fifo_after_inspection (test_cli_contract.CliContractTests.test_add_rejects_source_replaced_by_fifo_after_inspection) ... ok
test_add_rollback_failure_reports_both_paths (test_cli_contract.CliContractTests.test_add_rollback_failure_reports_both_paths) ... ok
test_add_storage_failure_still_emits_one_result_per_input (test_cli_contract.CliContractTests.test_add_storage_failure_still_emits_one_result_per_input) ... ok
test_append_repairs_missing_jsonl_delimiter (test_cli_contract.CliContractTests.test_append_repairs_missing_jsonl_delimiter) ... ok
test_audit_failure_blocks_add_and_restore (test_cli_contract.CliContractTests.test_audit_failure_blocks_add_and_restore) ... ok
test_audit_rejects_unknown_fields_and_unsafe_ledger_paths (test_cli_contract.CliContractTests.test_audit_rejects_unknown_fields_and_unsafe_ledger_paths) ... ok
test_bootstrap_version_reserved_commands_and_empty_list (test_cli_contract.CliContractTests.test_bootstrap_version_reserved_commands_and_empty_list) ... ok
test_cross_device_add_fails_closed (test_cli_contract.CliContractTests.test_cross_device_add_fails_closed) ... ok
test_empty_add_path_is_rejected_without_touching_cwd (test_cli_contract.CliContractTests.test_empty_add_path_is_rejected_without_touching_cwd) ... ok
test_fallback_collision_does_not_overwrite_racing_destination (test_cli_contract.CliContractTests.test_fallback_collision_does_not_overwrite_racing_destination) ... ok
test_fsync_failure_rolls_back_move (test_cli_contract.CliContractTests.test_fsync_failure_rolls_back_move) ... ok
test_human_recovery_diagnostics_print_both_paths (test_cli_contract.CliContractTests.test_human_recovery_diagnostics_print_both_paths) ... ok
test_ledger_append_failure_rolls_back_without_raw_delete (test_cli_contract.CliContractTests.test_ledger_append_failure_rolls_back_without_raw_delete) ... ok
test_list_reports_injected_orphan (test_cli_contract.CliContractTests.test_list_reports_injected_orphan) ... ok
test_lock_symlink_is_rejected_before_flock (test_cli_contract.CliContractTests.test_lock_symlink_is_rejected_before_flock) ... ok
test_malformed_field_types_emit_json_malformed_ledger_without_traceback (test_cli_contract.CliContractTests.test_malformed_field_types_emit_json_malformed_ledger_without_traceback) ... ok
test_move_rejects_replacement_between_source_check_and_rename (test_cli_contract.CliContractTests.test_move_rejects_replacement_between_source_check_and_rename) ... ok
test_orphan_listing_preserves_ledger_failure_during_reconciliation (test_cli_contract.CliContractTests.test_orphan_listing_preserves_ledger_failure_during_reconciliation) ... ok
test_orphan_listing_preserves_malformed_ledger_errors (test_cli_contract.CliContractTests.test_orphan_listing_preserves_malformed_ledger_errors) ... ok
test_p2_trash_and_restore_records_reject_error_code (test_cli_contract.CliContractTests.test_p2_trash_and_restore_records_reject_error_code) ... ok
test_p3_add_json_round_trips_all_rich_metadata_and_project_filter (test_cli_contract.CliContractTests.test_p3_add_json_round_trips_all_rich_metadata_and_project_filter) ... ok
test_p3_context_absence_does_not_fabricate_identity (test_cli_contract.CliContractTests.test_p3_context_absence_does_not_fabricate_identity) ... ok
test_p3_deep_extensions_emit_stable_usage_error (test_cli_contract.CliContractTests.test_p3_deep_extensions_emit_stable_usage_error) ... ok
test_p3_dry_run_resolves_all_rich_fields_without_mutation (test_cli_contract.CliContractTests.test_p3_dry_run_resolves_all_rich_fields_without_mutation) ... ok
test_p3_existing_malformed_ledger_dry_run_fails_closed_without_mutation (test_cli_contract.CliContractTests.test_p3_existing_malformed_ledger_dry_run_fails_closed_without_mutation) ... ok
test_p3_flags_override_hook_and_environment_fixtures (test_cli_contract.CliContractTests.test_p3_flags_override_hook_and_environment_fixtures) ... ok
test_p3_fresh_root_dry_run_does_not_initialize_layout (test_cli_contract.CliContractTests.test_p3_fresh_root_dry_run_does_not_initialize_layout) ... ok
test_p3_invalid_metadata_is_rejected_before_move_or_append (test_cli_contract.CliContractTests.test_p3_invalid_metadata_is_rejected_before_move_or_append) ... ok
test_p3_legacy_fixture_projects_null_without_rewriting_and_restores (test_cli_contract.CliContractTests.test_p3_legacy_fixture_projects_null_without_rewriting_and_restores) ... ok
test_p3_restore_requires_scalar_keys_on_lifecycle_events (test_cli_contract.CliContractTests.test_p3_restore_requires_scalar_keys_on_lifecycle_events) ... ok
test_parent_symlink_replacement_keeps_move_on_original_directory_fd (test_cli_contract.CliContractTests.test_parent_symlink_replacement_keeps_move_on_original_directory_fd) ... ok
test_partial_batch_has_one_result_per_input (test_cli_contract.CliContractTests.test_partial_batch_has_one_result_per_input) ... ok
test_restore_append_failure_human_output_includes_restore_and_trash_paths (test_cli_contract.CliContractTests.test_restore_append_failure_human_output_includes_restore_and_trash_paths) ... ok
test_restore_cleanup_preserves_replacement_at_reclaim_window (test_cli_contract.CliContractTests.test_restore_cleanup_preserves_replacement_at_reclaim_window) ... ok
test_restore_collision_is_no_overwrite_and_history_is_preserved (test_cli_contract.CliContractTests.test_restore_collision_is_no_overwrite_and_history_is_preserved) ... ok
test_restore_create_parents_leaves_no_staging_litter (test_cli_contract.CliContractTests.test_restore_create_parents_leaves_no_staging_litter) ... ok
test_restore_exdev_leaves_payload_and_ledger_unchanged (test_cli_contract.CliContractTests.test_restore_exdev_leaves_payload_and_ledger_unchanged) ... ok
test_restore_explicit_empty_destination_is_usage_error (test_cli_contract.CliContractTests.test_restore_explicit_empty_destination_is_usage_error) ... ok
test_restore_metadata_failure_is_preflighted_before_payload_move (test_cli_contract.CliContractTests.test_restore_metadata_failure_is_preflighted_before_payload_move) ... ok
test_restore_parent_creation_rejects_real_directory_replacement (test_cli_contract.CliContractTests.test_restore_parent_creation_rejects_real_directory_replacement) ... ok
test_restore_parent_creation_rejects_symlink_race (test_cli_contract.CliContractTests.test_restore_parent_creation_rejects_symlink_race) ... ok
test_restore_record_build_failure_rolls_back_staged_parents_before_move (test_cli_contract.CliContractTests.test_restore_record_build_failure_rolls_back_staged_parents_before_move) ... ok
test_restore_rollback_preserves_replaced_parent_directory (test_cli_contract.CliContractTests.test_restore_rollback_preserves_replaced_parent_directory) ... ok
test_restore_to_requires_parents_unless_opted_in (test_cli_contract.CliContractTests.test_restore_to_requires_parents_unless_opted_in) ... ok
test_all_installed_path_shims_route_supported_forms (test_hook_enforcement.HookEnforcementTests.test_all_installed_path_shims_route_supported_forms) ... ok
test_bypass_inventory_is_reported_as_out_of_coverage (test_hook_enforcement.HookEnforcementTests.test_bypass_inventory_is_reported_as_out_of_coverage) ... ok
test_bypass_replay_executes_representative_out_of_coverage_commands (test_hook_enforcement.HookEnforcementTests.test_bypass_replay_executes_representative_out_of_coverage_commands) ... ok
test_bypass_replay_is_documented_as_out_of_coverage (test_hook_enforcement.HookEnforcementTests.test_bypass_replay_is_documented_as_out_of_coverage) ... ok
test_claude_registration_preserves_unrelated_config_and_default_management_binding (test_hook_enforcement.HookEnforcementTests.test_claude_registration_preserves_unrelated_config_and_default_management_binding) ... ok
test_cross_device_cli_error_is_propagated_without_raw_fallback (test_hook_enforcement.HookEnforcementTests.test_cross_device_cli_error_is_propagated_without_raw_fallback) ... ok
test_cursor_explicit_config_and_unparseable_host_fail_closed (test_hook_enforcement.HookEnforcementTests.test_cursor_explicit_config_and_unparseable_host_fail_closed) ... ok
test_decide_denies_missing_non_directory_and_inaccessible_cwd (test_hook_enforcement.HookEnforcementTests.test_decide_denies_missing_non_directory_and_inaccessible_cwd) ... ok
test_deep_extensions_are_stable_denials_at_both_hook_boundaries (test_hook_enforcement.HookEnforcementTests.test_deep_extensions_are_stable_denials_at_both_hook_boundaries) ... ok
test_direct_safe_delete_add_is_passed_through_once (test_hook_enforcement.HookEnforcementTests.test_direct_safe_delete_add_is_passed_through_once) ... ok
test_disable_and_uninstall_refuse_wrong_config_or_unowned_registry (test_hook_enforcement.HookEnforcementTests.test_disable_and_uninstall_refuse_wrong_config_or_unowned_registry) ... ok
test_execute_routes_once_and_never_retries_raw_command (test_hook_enforcement.HookEnforcementTests.test_execute_routes_once_and_never_retries_raw_command) ... ok
test_install_missing_payload_fails_before_host_registration (test_hook_enforcement.HookEnforcementTests.test_install_missing_payload_fails_before_host_registration) ... ok
test_install_registry_failure_rolls_back_package_and_host_registration (test_hook_enforcement.HookEnforcementTests.test_install_registry_failure_rolls_back_package_and_host_registration) ... ok
test_install_rejects_storage_namespace_and_preserves_runtime_bytes (test_hook_enforcement.HookEnforcementTests.test_install_rejects_storage_namespace_and_preserves_runtime_bytes) ... ok
test_install_status_disable_uninstall_are_idempotent_and_scoped (test_hook_enforcement.HookEnforcementTests.test_install_status_disable_uninstall_are_idempotent_and_scoped) ... ok
test_installed_path_routes_real_vectors_once_without_raw_fallback (test_hook_enforcement.HookEnforcementTests.test_installed_path_routes_real_vectors_once_without_raw_fallback) ... ok
test_installed_path_shim_moves_once_and_records_one_entry (test_hook_enforcement.HookEnforcementTests.test_installed_path_shim_moves_once_and_records_one_entry) ... ok
test_installed_pretooluse_payload_routes_real_request (test_hook_enforcement.HookEnforcementTests.test_installed_pretooluse_payload_routes_real_request) ... ok
test_installed_pretooluse_routes_real_vectors_once_without_raw_fallback (test_hook_enforcement.HookEnforcementTests.test_installed_pretooluse_routes_real_vectors_once_without_raw_fallback) ... ok
test_installed_route_propagates_real_cli_failure_without_raw_fallback (test_hook_enforcement.HookEnforcementTests.test_installed_route_propagates_real_cli_failure_without_raw_fallback) ... ok
test_malformed_registered_entry_denies_without_child (test_hook_enforcement.HookEnforcementTests.test_malformed_registered_entry_denies_without_child) ... ok
test_malformed_required_context_denies_with_echo_when_possible (test_hook_enforcement.HookEnforcementTests.test_malformed_required_context_denies_with_echo_when_possible) ... ok
test_metadata_is_mapped_without_inventing_identity (test_hook_enforcement.HookEnforcementTests.test_metadata_is_mapped_without_inventing_identity) ... ok
test_nonzero_cli_is_denied_and_has_no_raw_fallback (test_hook_enforcement.HookEnforcementTests.test_nonzero_cli_is_denied_and_has_no_raw_fallback) ... ok
test_passthrough_runner_is_called_exactly_once (test_hook_enforcement.HookEnforcementTests.test_passthrough_runner_is_called_exactly_once) ... ok
test_path_shim_context_maps_identity_and_metadata (test_hook_enforcement.HookEnforcementTests.test_path_shim_context_maps_identity_and_metadata) ... ok
test_probes_and_already_safe_delete_pass_through (test_hook_enforcement.HookEnforcementTests.test_probes_and_already_safe_delete_pass_through) ... ok
test_registered_cli_ignores_safe_delete_cli_override (test_hook_enforcement.HookEnforcementTests.test_registered_cli_ignores_safe_delete_cli_override) ... ok
test_route_pins_registered_cli_against_shadowed_path (test_hook_enforcement.HookEnforcementTests.test_route_pins_registered_cli_against_shadowed_path) ... ok
test_status_is_honest_for_missing_and_explicitly_wrong_boundaries (test_hook_enforcement.HookEnforcementTests.test_status_is_honest_for_missing_and_explicitly_wrong_boundaries) ... ok
test_status_rejects_relocated_or_broken_payload_dependency (test_hook_enforcement.HookEnforcementTests.test_status_rejects_relocated_or_broken_payload_dependency) ... ok
test_status_storage_gate_includes_trash_writability (test_hook_enforcement.HookEnforcementTests.test_status_storage_gate_includes_trash_writability) ... ok
test_supported_vectors_have_one_exact_rewrite (test_hook_enforcement.HookEnforcementTests.test_supported_vectors_have_one_exact_rewrite) ... ok
test_unavailable_cli_and_storage_fail_closed_before_child (test_hook_enforcement.HookEnforcementTests.test_unavailable_cli_and_storage_fail_closed_before_child) ... ok
test_unregistered_or_disabled_integration_denies_raw_route (test_hook_enforcement.HookEnforcementTests.test_unregistered_or_disabled_integration_denies_raw_route) ... ok
test_unsupported_or_ambiguous_vectors_deny (test_hook_enforcement.HookEnforcementTests.test_unsupported_or_ambiguous_vectors_deny) ... ok
test_unwritable_ledger_fails_closed_without_child (test_hook_enforcement.HookEnforcementTests.test_unwritable_ledger_fails_closed_without_child) ... ok
test_directory_payload_reclaims_object_without_following_symlinks (test_purge.PurgeTests.test_directory_payload_reclaims_object_without_following_symlinks) ... ok
test_dry_run_has_same_fail_closed_audit_preflight (test_purge.PurgeTests.test_dry_run_has_same_fail_closed_audit_preflight) ... ok
test_dry_run_json_policy_exclusions_and_no_mutation (test_purge.PurgeTests.test_dry_run_json_policy_exclusions_and_no_mutation) ... ok
test_missing_corrupt_and_orphan_fixtures_block_before_new_intent (test_purge.PurgeTests.test_missing_corrupt_and_orphan_fixtures_block_before_new_intent) ... ok
test_partial_failure_retry_crash_recovery_and_terminal_idempotence (test_purge.PurgeTests.test_partial_failure_retry_crash_recovery_and_terminal_idempotence) ... ok
test_policy_precedence_grammar_and_inclusive_cutoff (test_purge.PurgeTests.test_policy_precedence_grammar_and_inclusive_cutoff) ... ok
test_restore_interaction_and_terminal_state_codes (test_purge.PurgeTests.test_restore_interaction_and_terminal_state_codes) ... ok
test_retention_boundary_and_age_anchor (test_purge.PurgeTests.test_retention_boundary_and_age_anchor) ... ok
test_retention_overflow_is_usage_error_without_mutation (test_purge.PurgeTests.test_retention_overflow_is_usage_error_without_mutation) ... ok
test_usage_and_confirmation_errors_do_not_mutate (test_purge.PurgeTests.test_usage_and_confirmation_errors_do_not_mutate) ... ok

----------------------------------------------------------------------
Ran 94 tests in 17.569s

OK
exit_code=0
utc_end=2026-09-17T03:13:18Z
replay_marker=CAPTURED
